=== ===========
rlz structural 
=== ===========
0   3.85910E+07
=== ===========