# smlt_path=b1,gsimlt_path=b1,imt=SA,investigation_time=50.0,lon=10.099999999999994,lat=40.1,poe=0.0200000,iml=6.0068384e-01
Mag,poe
5.50000E+00,8.58954E-03
6.50000E+00,6.69121E-03
7.50000E+00,3.09943E-03
