source_id,source_name,poe
2,"area",1.9980716e-02
4,"complex fault",1.9632957e-05
1,"point",1.0642372e-07
