source_id,source_name,poe
2,"area",9.6461365e-02
4,"complex fault",3.7359332e-03
1,"point",1.8431696e-04
3,"simple fault",2.8454455e-05
