# smlt_path=b1,gsimlt_path=b1,imt=SA,investigation_time=50.0,lon=10.099999999999994,lat=40.1,poe=0.1000000,iml=3.2798360e-01
Mag,poe
5.50000E+00,5.40330E-02
6.50000E+00,3.05409E-02
7.50000E+00,9.88590E-03
