source_id,source_name,poe
2,"area",1.9972196e-02
4,"complex fault",2.7996351e-05
1,"point",1.1797808e-06
